<?xml version="1.0" encoding="utf-8"?><testsuites name="pytest tests"><testsuite name="pytest" errors="0" failures="0" skipped="0" tests="143" time="8.020" timestamp="2026-01-28T00:17:06.251590-05:00" hostname="MacBookPro.localdomain"><properties><property name="hypothesis-statistics-tests/unit/test_agent_service.py::TestMessengerAgentService::test_respond_properties_with_various_inputs" value="dGVzdHMvdW5pdC90ZXN0X2FnZW50X3NlcnZpY2UucHk6OlRlc3RNZXNzZW5nZXJBZ2VudFNlcnZpY2U6OnRlc3RfcmVzcG9uZF9wcm9wZXJ0aWVzX3dpdGhfdmFyaW91c19pbnB1dHM6CgogIC0gZHVyaW5nIGdlbmVyYXRlIHBoYXNlICgwLjIyIHNlY29uZHMpOgogICAgLSBUeXBpY2FsIHJ1bnRpbWVzOiA8IDFtcywgb2Ygd2hpY2ggPCAxbXMgaW4gZGF0YSBnZW5lcmF0aW9uCiAgICAtIDEwMCBwYXNzaW5nIGV4YW1wbGVzLCAwIGZhaWxpbmcgZXhhbXBsZXMsIDAgaW52YWxpZCBleGFtcGxlcwoKICAtIFN0b3BwZWQgYmVjYXVzZSBzZXR0aW5ncy5tYXhfZXhhbXBsZXM9MTAw" /><property name="hypothesis-statistics-tests/unit/test_agent_service.py::TestMessengerAgentService::test_respond_properties_with_various_sizes" value="dGVzdHMvdW5pdC90ZXN0X2FnZW50X3NlcnZpY2UucHk6OlRlc3RNZXNzZW5nZXJBZ2VudFNlcnZpY2U6OnRlc3RfcmVzcG9uZF9wcm9wZXJ0aWVzX3dpdGhfdmFyaW91c19zaXplczoKCiAgLSBkdXJpbmcgZ2VuZXJhdGUgcGhhc2UgKDAuMTAgc2Vjb25kcyk6CiAgICAtIFR5cGljYWwgcnVudGltZXM6IH4gMC0xIG1zLCBvZiB3aGljaCA8IDFtcyBpbiBkYXRhIGdlbmVyYXRpb24KICAgIC0gMTAwIHBhc3NpbmcgZXhhbXBsZXMsIDAgZmFpbGluZyBleGFtcGxlcywgMCBpbnZhbGlkIGV4YW1wbGVzCgogIC0gU3RvcHBlZCBiZWNhdXNlIHNldHRpbmdzLm1heF9leGFtcGxlcz0xMDA=" /><property name="hypothesis-statistics-tests/unit/test_config.py::TestSettings::test_settings_optional_fields_properties" value="dGVzdHMvdW5pdC90ZXN0X2NvbmZpZy5weTo6VGVzdFNldHRpbmdzOjp0ZXN0X3NldHRpbmdzX29wdGlvbmFsX2ZpZWxkc19wcm9wZXJ0aWVzOgoKICAtIGR1cmluZyBnZW5lcmF0ZSBwaGFzZSAoMC4xNyBzZWNvbmRzKToKICAgIC0gVHlwaWNhbCBydW50aW1lczogfiAwLTIgbXMsIG9mIHdoaWNoIDwgMW1zIGluIGRhdGEgZ2VuZXJhdGlvbgogICAgLSAxMDAgcGFzc2luZyBleGFtcGxlcywgMCBmYWlsaW5nIGV4YW1wbGVzLCAwIGludmFsaWQgZXhhbXBsZXMKCiAgLSBTdG9wcGVkIGJlY2F1c2Ugc2V0dGluZ3MubWF4X2V4YW1wbGVzPTEwMA==" /><property name="hypothesis-statistics-tests/unit/test_facebook_service.py::TestSendMessage::test_send_message_properties" value="dGVzdHMvdW5pdC90ZXN0X2ZhY2Vib29rX3NlcnZpY2UucHk6OlRlc3RTZW5kTWVzc2FnZTo6dGVzdF9zZW5kX21lc3NhZ2VfcHJvcGVydGllczoKCiAgLSBkdXJpbmcgZ2VuZXJhdGUgcGhhc2UgKDIuMzMgc2Vjb25kcyk6CiAgICAtIFR5cGljYWwgcnVudGltZXM6IH4gMTctNDAgbXMsIG9mIHdoaWNoIDwgMW1zIGluIGRhdGEgZ2VuZXJhdGlvbgogICAgLSAxMDAgcGFzc2luZyBleGFtcGxlcywgMCBmYWlsaW5nIGV4YW1wbGVzLCAwIGludmFsaWQgZXhhbXBsZXMKCiAgLSBTdG9wcGVkIGJlY2F1c2Ugc2V0dGluZ3MubWF4X2V4YW1wbGVzPTEwMA==" /><property name="hypothesis-statistics-tests/unit/test_hypothesis.py::TestURLValidation::test_url_validation_properties" value="dGVzdHMvdW5pdC90ZXN0X2h5cG90aGVzaXMucHk6OlRlc3RVUkxWYWxpZGF0aW9uOjp0ZXN0X3VybF92YWxpZGF0aW9uX3Byb3BlcnRpZXM6CgogIC0gZHVyaW5nIGdlbmVyYXRlIHBoYXNlICgwLjA5IHNlY29uZHMpOgogICAgLSBUeXBpY2FsIHJ1bnRpbWVzOiA8IDFtcywgb2Ygd2hpY2ggPCAxbXMgaW4gZGF0YSBnZW5lcmF0aW9uCiAgICAtIDEwMCBwYXNzaW5nIGV4YW1wbGVzLCAwIGZhaWxpbmcgZXhhbXBsZXMsIDAgaW52YWxpZCBleGFtcGxlcwoKICAtIFN0b3BwZWQgYmVjYXVzZSBzZXR0aW5ncy5tYXhfZXhhbXBsZXM9MTAw" /><property name="hypothesis-statistics-tests/unit/test_hypothesis.py::TestURLValidation::test_url_construction_properties" value="dGVzdHMvdW5pdC90ZXN0X2h5cG90aGVzaXMucHk6OlRlc3RVUkxWYWxpZGF0aW9uOjp0ZXN0X3VybF9jb25zdHJ1Y3Rpb25fcHJvcGVydGllczoKCiAgLSBkdXJpbmcgZ2VuZXJhdGUgcGhhc2UgKDAuMjYgc2Vjb25kcyk6CiAgICAtIFR5cGljYWwgcnVudGltZXM6IDwgMW1zLCBvZiB3aGljaCA8IDFtcyBpbiBkYXRhIGdlbmVyYXRpb24KICAgIC0gMTAwIHBhc3NpbmcgZXhhbXBsZXMsIDAgZmFpbGluZyBleGFtcGxlcywgMTM5IGludmFsaWQgZXhhbXBsZXMKICAgIC0gRXZlbnRzOgogICAgICAqIDczLjIyJSwgUmV0cmllZCBkcmF3IGZyb20gdGV4dChjaGFyYWN0ZXJzKGNhdGVnb3JpZXM9KCksIGluY2x1ZGVfY2hhcmFjdGVycz0oJ2EnLAogJ2InLAogJ2MnLAogJ2QnLAogJ2UnLAogJ2YnLAogJ2cnLAogJ2gnLAogJ2knLAogJ2onLAogJ2snLAogJ2wnLAogJ20nLAogJ24nLAogJ28nLAogJ3AnLAogJ3EnLAogJ3InLAogJ3MnLAogJ3QnLAogJ3UnLAogJ3YnLAogJ3cnLAogJ3gnLAogJ3knLAogJ3onLAogJzAnLAogJzEnLAogJzInLAogJzMnLAogJzQnLAogJzUnLAogJzYnLAogJzcnLAogJzgnLAogJzknLAogJy4nKSksIG1pbl9zaXplPTUsIG1heF9zaXplPTUwKS5maWx0ZXIobGFtYmRhIHg6ICcuJyBpbiB4IGFuZCAobm90IHguc3RhcnRzd2l0aCgnLicpKSBhbmQgKG5vdCB4LmVuZHN3aXRoKCcuJykpKSB0byBzYXRpc2Z5IGZpbHRlcgogICAgICAqIDU2LjkwJSwgaW52YWxpZCBiZWNhdXNlOiBBYm9ydGVkIHRlc3QgYmVjYXVzZSB1bmFibGUgdG8gc2F0aXNmeSB0ZXh0KGNoYXJhY3RlcnMoY2F0ZWdvcmllcz0oKSwgaW5jbHVkZV9jaGFyYWN0ZXJzPSgnYScsCiAnYicsCiAnYycsCiAnZCcsCiAnZScsCiAnZicsCiAnZycsCiAnaCcsCiAnaScsCiAnaicsCiAnaycsCiAnbCcsCiAnbScsCiAnbicsCiAnbycsCiAncCcsCiAncScsCiAncicsCiAncycsCiAndCcsCiAndScsCiAndicsCiAndycsCiAneCcsCiAneScsCiAneicsCiAnMCcsCiAnMScsCiAnMicsCiAnMycsCiAnNCcsCiAnNScsCiAnNicsCiAnNycsCiAnOCcsCiAnOScsCiAnLicpKSwgbWluX3NpemU9NSwgbWF4X3NpemU9NTApLmZpbHRlcihsYW1iZGEgeDogJy4nIGluIHggYW5kIChub3QgeC5zdGFydHN3aXRoKCcuJykpIGFuZCAobm90IHguZW5kc3dpdGgoJy4nKSkpCgogIC0gU3RvcHBlZCBiZWNhdXNlIHNldHRpbmdzLm1heF9leGFtcGxlcz0xMDA=" /><property name="hypothesis-statistics-tests/unit/test_hypothesis.py::TestMessageValidation::test_message_length_properties" value="dGVzdHMvdW5pdC90ZXN0X2h5cG90aGVzaXMucHk6OlRlc3RNZXNzYWdlVmFsaWRhdGlvbjo6dGVzdF9tZXNzYWdlX2xlbmd0aF9wcm9wZXJ0aWVzOgoKICAtIGR1cmluZyBnZW5lcmF0ZSBwaGFzZSAoMC4wNiBzZWNvbmRzKToKICAgIC0gVHlwaWNhbCBydW50aW1lczogPCAxbXMsIG9mIHdoaWNoIDwgMW1zIGluIGRhdGEgZ2VuZXJhdGlvbgogICAgLSAxMDAgcGFzc2luZyBleGFtcGxlcywgMCBmYWlsaW5nIGV4YW1wbGVzLCAwIGludmFsaWQgZXhhbXBsZXMKCiAgLSBTdG9wcGVkIGJlY2F1c2Ugc2V0dGluZ3MubWF4X2V4YW1wbGVzPTEwMA==" /><property name="hypothesis-statistics-tests/unit/test_hypothesis.py::TestMessageValidation::test_message_non_empty_property" value="dGVzdHMvdW5pdC90ZXN0X2h5cG90aGVzaXMucHk6OlRlc3RNZXNzYWdlVmFsaWRhdGlvbjo6dGVzdF9tZXNzYWdlX25vbl9lbXB0eV9wcm9wZXJ0eToKCiAgLSBkdXJpbmcgZ2VuZXJhdGUgcGhhc2UgKDAuMDUgc2Vjb25kcyk6CiAgICAtIFR5cGljYWwgcnVudGltZXM6IDwgMW1zLCBvZiB3aGljaCA8IDFtcyBpbiBkYXRhIGdlbmVyYXRpb24KICAgIC0gMTAwIHBhc3NpbmcgZXhhbXBsZXMsIDAgZmFpbGluZyBleGFtcGxlcywgMCBpbnZhbGlkIGV4YW1wbGVzCgogIC0gU3RvcHBlZCBiZWNhdXNlIHNldHRpbmdzLm1heF9leGFtcGxlcz0xMDA=" /><property name="hypothesis-statistics-tests/unit/test_hypothesis.py::TestMessageValidation::test_message_whitespace_handling" value="dGVzdHMvdW5pdC90ZXN0X2h5cG90aGVzaXMucHk6OlRlc3RNZXNzYWdlVmFsaWRhdGlvbjo6dGVzdF9tZXNzYWdlX3doaXRlc3BhY2VfaGFuZGxpbmc6CgogIC0gZHVyaW5nIGdlbmVyYXRlIHBoYXNlICgwLjA4IHNlY29uZHMpOgogICAgLSBUeXBpY2FsIHJ1bnRpbWVzOiB+IDAtMiBtcywgb2Ygd2hpY2ggPCAxbXMgaW4gZGF0YSBnZW5lcmF0aW9uCiAgICAtIDEwMCBwYXNzaW5nIGV4YW1wbGVzLCAwIGZhaWxpbmcgZXhhbXBsZXMsIDAgaW52YWxpZCBleGFtcGxlcwoKICAtIFN0b3BwZWQgYmVjYXVzZSBzZXR0aW5ncy5tYXhfZXhhbXBsZXM9MTAw" /><property name="hypothesis-statistics-tests/unit/test_hypothesis.py::TestConfidenceScoreValidation::test_confidence_bounds_property" value="dGVzdHMvdW5pdC90ZXN0X2h5cG90aGVzaXMucHk6OlRlc3RDb25maWRlbmNlU2NvcmVWYWxpZGF0aW9uOjp0ZXN0X2NvbmZpZGVuY2VfYm91bmRzX3Byb3BlcnR5OgoKICAtIGR1cmluZyBnZW5lcmF0ZSBwaGFzZSAoMC4wNSBzZWNvbmRzKToKICAgIC0gVHlwaWNhbCBydW50aW1lczogPCAxbXMsIG9mIHdoaWNoIDwgMW1zIGluIGRhdGEgZ2VuZXJhdGlvbgogICAgLSAxMDAgcGFzc2luZyBleGFtcGxlcywgMCBmYWlsaW5nIGV4YW1wbGVzLCAwIGludmFsaWQgZXhhbXBsZXMKCiAgLSBTdG9wcGVkIGJlY2F1c2Ugc2V0dGluZ3MubWF4X2V4YW1wbGVzPTEwMA==" /><property name="hypothesis-statistics-tests/unit/test_hypothesis.py::TestConfidenceScoreValidation::test_confidence_validation" value="dGVzdHMvdW5pdC90ZXN0X2h5cG90aGVzaXMucHk6OlRlc3RDb25maWRlbmNlU2NvcmVWYWxpZGF0aW9uOjp0ZXN0X2NvbmZpZGVuY2VfdmFsaWRhdGlvbjoKCiAgLSBkdXJpbmcgZ2VuZXJhdGUgcGhhc2UgKDAuMDUgc2Vjb25kcyk6CiAgICAtIFR5cGljYWwgcnVudGltZXM6IDwgMW1zLCBvZiB3aGljaCA8IDFtcyBpbiBkYXRhIGdlbmVyYXRpb24KICAgIC0gMTAwIHBhc3NpbmcgZXhhbXBsZXMsIDAgZmFpbGluZyBleGFtcGxlcywgMCBpbnZhbGlkIGV4YW1wbGVzCgogIC0gU3RvcHBlZCBiZWNhdXNlIHNldHRpbmdzLm1heF9leGFtcGxlcz0xMDA=" /><property name="hypothesis-statistics-tests/unit/test_hypothesis.py::TestToneValidation::test_valid_tone_property" value="dGVzdHMvdW5pdC90ZXN0X2h5cG90aGVzaXMucHk6OlRlc3RUb25lVmFsaWRhdGlvbjo6dGVzdF92YWxpZF90b25lX3Byb3BlcnR5OgoKICAtIGR1cmluZyBnZW5lcmF0ZSBwaGFzZSAoMC4wMCBzZWNvbmRzKToKICAgIC0gVHlwaWNhbCBydW50aW1lczogPCAxbXMsIG9mIHdoaWNoIDwgMW1zIGluIGRhdGEgZ2VuZXJhdGlvbgogICAgLSA1IHBhc3NpbmcgZXhhbXBsZXMsIDAgZmFpbGluZyBleGFtcGxlcywgMCBpbnZhbGlkIGV4YW1wbGVzCgogIC0gU3RvcHBlZCBiZWNhdXNlIG5vdGhpbmcgbGVmdCB0byBkbw==" /><property name="hypothesis-statistics-tests/unit/test_hypothesis.py::TestToneValidation::test_tone_validation_property" value="dGVzdHMvdW5pdC90ZXN0X2h5cG90aGVzaXMucHk6OlRlc3RUb25lVmFsaWRhdGlvbjo6dGVzdF90b25lX3ZhbGlkYXRpb25fcHJvcGVydHk6CgogIC0gZHVyaW5nIGdlbmVyYXRlIHBoYXNlICgwLjA1IHNlY29uZHMpOgogICAgLSBUeXBpY2FsIHJ1bnRpbWVzOiA8IDFtcywgb2Ygd2hpY2ggPCAxbXMgaW4gZGF0YSBnZW5lcmF0aW9uCiAgICAtIDEwMCBwYXNzaW5nIGV4YW1wbGVzLCAwIGZhaWxpbmcgZXhhbXBsZXMsIDAgaW52YWxpZCBleGFtcGxlcwoKICAtIFN0b3BwZWQgYmVjYXVzZSBzZXR0aW5ncy5tYXhfZXhhbXBsZXM9MTAw" /><property name="hypothesis-statistics-tests/unit/test_hypothesis.py::TestContentHashProperties::test_hash_collision_resistance" value="dGVzdHMvdW5pdC90ZXN0X2h5cG90aGVzaXMucHk6OlRlc3RDb250ZW50SGFzaFByb3BlcnRpZXM6OnRlc3RfaGFzaF9jb2xsaXNpb25fcmVzaXN0YW5jZToKCiAgLSBkdXJpbmcgZ2VuZXJhdGUgcGhhc2UgKDAuMTIgc2Vjb25kcyk6CiAgICAtIFR5cGljYWwgcnVudGltZXM6IDwgMW1zLCBvZiB3aGljaCA8IDFtcyBpbiBkYXRhIGdlbmVyYXRpb24KICAgIC0gMTAwIHBhc3NpbmcgZXhhbXBsZXMsIDAgZmFpbGluZyBleGFtcGxlcywgMCBpbnZhbGlkIGV4YW1wbGVzCgogIC0gU3RvcHBlZCBiZWNhdXNlIHNldHRpbmdzLm1heF9leGFtcGxlcz0xMDA=" /><property name="hypothesis-statistics-tests/unit/test_hypothesis.py::TestContentHashProperties::test_hash_determinism_property" value="dGVzdHMvdW5pdC90ZXN0X2h5cG90aGVzaXMucHk6OlRlc3RDb250ZW50SGFzaFByb3BlcnRpZXM6OnRlc3RfaGFzaF9kZXRlcm1pbmlzbV9wcm9wZXJ0eToKCiAgLSBkdXJpbmcgZ2VuZXJhdGUgcGhhc2UgKDAuMDYgc2Vjb25kcyk6CiAgICAtIFR5cGljYWwgcnVudGltZXM6IDwgMW1zLCBvZiB3aGljaCA8IDFtcyBpbiBkYXRhIGdlbmVyYXRpb24KICAgIC0gMTAwIHBhc3NpbmcgZXhhbXBsZXMsIDAgZmFpbGluZyBleGFtcGxlcywgMCBpbnZhbGlkIGV4YW1wbGVzCgogIC0gU3RvcHBlZCBiZWNhdXNlIHNldHRpbmdzLm1heF9leGFtcGxlcz0xMDA=" /><property name="hypothesis-statistics-tests/unit/test_hypothesis.py::TestContentHashProperties::test_hash_format_property" value="dGVzdHMvdW5pdC90ZXN0X2h5cG90aGVzaXMucHk6OlRlc3RDb250ZW50SGFzaFByb3BlcnRpZXM6OnRlc3RfaGFzaF9mb3JtYXRfcHJvcGVydHk6CgogIC0gZHVyaW5nIGdlbmVyYXRlIHBoYXNlICgwLjA2IHNlY29uZHMpOgogICAgLSBUeXBpY2FsIHJ1bnRpbWVzOiA8IDFtcywgb2Ygd2hpY2ggPCAxbXMgaW4gZGF0YSBnZW5lcmF0aW9uCiAgICAtIDEwMCBwYXNzaW5nIGV4YW1wbGVzLCAwIGZhaWxpbmcgZXhhbXBsZXMsIDAgaW52YWxpZCBleGFtcGxlcwoKICAtIFN0b3BwZWQgYmVjYXVzZSBzZXR0aW5ncy5tYXhfZXhhbXBsZXM9MTAw" /><property name="hypothesis-statistics-tests/unit/test_hypothesis.py::TestChunkingProperties::test_chunking_properties" value="dGVzdHMvdW5pdC90ZXN0X2h5cG90aGVzaXMucHk6OlRlc3RDaHVua2luZ1Byb3BlcnRpZXM6OnRlc3RfY2h1bmtpbmdfcHJvcGVydGllczoKCiAgLSBkdXJpbmcgZ2VuZXJhdGUgcGhhc2UgKDAuMTIgc2Vjb25kcyk6CiAgICAtIFR5cGljYWwgcnVudGltZXM6IH4gMC0xIG1zLCBvZiB3aGljaCA8IDFtcyBpbiBkYXRhIGdlbmVyYXRpb24KICAgIC0gMTAwIHBhc3NpbmcgZXhhbXBsZXMsIDAgZmFpbGluZyBleGFtcGxlcywgMCBpbnZhbGlkIGV4YW1wbGVzCgogIC0gU3RvcHBlZCBiZWNhdXNlIHNldHRpbmdzLm1heF9leGFtcGxlcz0xMDA=" /><property name="hypothesis-statistics-tests/unit/test_hypothesis.py::TestDataTransformationProperties::test_whitespace_normalization_property" value="dGVzdHMvdW5pdC90ZXN0X2h5cG90aGVzaXMucHk6OlRlc3REYXRhVHJhbnNmb3JtYXRpb25Qcm9wZXJ0aWVzOjp0ZXN0X3doaXRlc3BhY2Vfbm9ybWFsaXphdGlvbl9wcm9wZXJ0eToKCiAgLSBkdXJpbmcgZ2VuZXJhdGUgcGhhc2UgKDAuMDUgc2Vjb25kcyk6CiAgICAtIFR5cGljYWwgcnVudGltZXM6IDwgMW1zLCBvZiB3aGljaCA8IDFtcyBpbiBkYXRhIGdlbmVyYXRpb24KICAgIC0gMTAwIHBhc3NpbmcgZXhhbXBsZXMsIDAgZmFpbGluZyBleGFtcGxlcywgMCBpbnZhbGlkIGV4YW1wbGVzCgogIC0gU3RvcHBlZCBiZWNhdXNlIHNldHRpbmdzLm1heF9leGFtcGxlcz0xMDA=" /><property name="hypothesis-statistics-tests/unit/test_models.py::TestMessengerModels::test_messenger_entry_properties" value="dGVzdHMvdW5pdC90ZXN0X21vZGVscy5weTo6VGVzdE1lc3Nlbmdlck1vZGVsczo6dGVzdF9tZXNzZW5nZXJfZW50cnlfcHJvcGVydGllczoKCiAgLSBkdXJpbmcgZ2VuZXJhdGUgcGhhc2UgKDAuMDcgc2Vjb25kcyk6CiAgICAtIFR5cGljYWwgcnVudGltZXM6IDwgMW1zLCBvZiB3aGljaCA8IDFtcyBpbiBkYXRhIGdlbmVyYXRpb24KICAgIC0gMTAwIHBhc3NpbmcgZXhhbXBsZXMsIDAgZmFpbGluZyBleGFtcGxlcywgMCBpbnZhbGlkIGV4YW1wbGVzCgogIC0gU3RvcHBlZCBiZWNhdXNlIHNldHRpbmdzLm1heF9leGFtcGxlcz0xMDA=" /><property name="hypothesis-statistics-tests/unit/test_models.py::TestMessengerModels::test_messenger_message_in_properties" value="dGVzdHMvdW5pdC90ZXN0X21vZGVscy5weTo6VGVzdE1lc3Nlbmdlck1vZGVsczo6dGVzdF9tZXNzZW5nZXJfbWVzc2FnZV9pbl9wcm9wZXJ0aWVzOgoKICAtIGR1cmluZyBnZW5lcmF0ZSBwaGFzZSAoMC4xMCBzZWNvbmRzKToKICAgIC0gVHlwaWNhbCBydW50aW1lczogfiAwLTEgbXMsIG9mIHdoaWNoIDwgMW1zIGluIGRhdGEgZ2VuZXJhdGlvbgogICAgLSAxMDAgcGFzc2luZyBleGFtcGxlcywgMCBmYWlsaW5nIGV4YW1wbGVzLCAwIGludmFsaWQgZXhhbXBsZXMKCiAgLSBTdG9wcGVkIGJlY2F1c2Ugc2V0dGluZ3MubWF4X2V4YW1wbGVzPTEwMA==" /><property name="hypothesis-statistics-tests/unit/test_models.py::TestMessengerModels::test_messenger_webhook_payload_properties" value="dGVzdHMvdW5pdC90ZXN0X21vZGVscy5weTo6VGVzdE1lc3Nlbmdlck1vZGVsczo6dGVzdF9tZXNzZW5nZXJfd2ViaG9va19wYXlsb2FkX3Byb3BlcnRpZXM6CgogIC0gZHVyaW5nIGdlbmVyYXRlIHBoYXNlICgwLjA2IHNlY29uZHMpOgogICAgLSBUeXBpY2FsIHJ1bnRpbWVzOiA8IDFtcywgb2Ygd2hpY2ggPCAxbXMgaW4gZGF0YSBnZW5lcmF0aW9uCiAgICAtIDEwMCBwYXNzaW5nIGV4YW1wbGVzLCAwIGZhaWxpbmcgZXhhbXBsZXMsIDAgaW52YWxpZCBleGFtcGxlcwoKICAtIFN0b3BwZWQgYmVjYXVzZSBzZXR0aW5ncy5tYXhfZXhhbXBsZXM9MTAw" /><property name="hypothesis-statistics-tests/unit/test_models.py::TestAgentModels::test_agent_context_properties" value="dGVzdHMvdW5pdC90ZXN0X21vZGVscy5weTo6VGVzdEFnZW50TW9kZWxzOjp0ZXN0X2FnZW50X2NvbnRleHRfcHJvcGVydGllczoKCiAgLSBkdXJpbmcgZ2VuZXJhdGUgcGhhc2UgKDAuMTYgc2Vjb25kcyk6CiAgICAtIFR5cGljYWwgcnVudGltZXM6IH4gMC0xIG1zLCBvZiB3aGljaCB+IDAtMSBtcyBpbiBkYXRhIGdlbmVyYXRpb24KICAgIC0gMTAwIHBhc3NpbmcgZXhhbXBsZXMsIDAgZmFpbGluZyBleGFtcGxlcywgNSBpbnZhbGlkIGV4YW1wbGVzCgogIC0gU3RvcHBlZCBiZWNhdXNlIHNldHRpbmdzLm1heF9leGFtcGxlcz0xMDA=" /><property name="hypothesis-statistics-tests/unit/test_models.py::TestAgentModels::test_agent_response_properties" value="dGVzdHMvdW5pdC90ZXN0X21vZGVscy5weTo6VGVzdEFnZW50TW9kZWxzOjp0ZXN0X2FnZW50X3Jlc3BvbnNlX3Byb3BlcnRpZXM6CgogIC0gZHVyaW5nIGdlbmVyYXRlIHBoYXNlICgwLjEyIHNlY29uZHMpOgogICAgLSBUeXBpY2FsIHJ1bnRpbWVzOiB+IDAtMiBtcywgb2Ygd2hpY2ggPCAxbXMgaW4gZGF0YSBnZW5lcmF0aW9uCiAgICAtIDEwMCBwYXNzaW5nIGV4YW1wbGVzLCAwIGZhaWxpbmcgZXhhbXBsZXMsIDAgaW52YWxpZCBleGFtcGxlcwoKICAtIFN0b3BwZWQgYmVjYXVzZSBzZXR0aW5ncy5tYXhfZXhhbXBsZXM9MTAw" /><property name="hypothesis-statistics-tests/unit/test_models.py::TestConfigModels::test_website_input_properties" value="dGVzdHMvdW5pdC90ZXN0X21vZGVscy5weTo6VGVzdENvbmZpZ01vZGVsczo6dGVzdF93ZWJzaXRlX2lucHV0X3Byb3BlcnRpZXM6CgogIC0gZHVyaW5nIGdlbmVyYXRlIHBoYXNlICgwLjA4IHNlY29uZHMpOgogICAgLSBUeXBpY2FsIHJ1bnRpbWVzOiA8IDFtcywgb2Ygd2hpY2ggPCAxbXMgaW4gZGF0YSBnZW5lcmF0aW9uCiAgICAtIDEwMCBwYXNzaW5nIGV4YW1wbGVzLCAwIGZhaWxpbmcgZXhhbXBsZXMsIDAgaW52YWxpZCBleGFtcGxlcwoKICAtIFN0b3BwZWQgYmVjYXVzZSBzZXR0aW5ncy5tYXhfZXhhbXBsZXM9MTAw" /><property name="hypothesis-statistics-tests/unit/test_models.py::TestConfigModels::test_tone_preference_properties" value="dGVzdHMvdW5pdC90ZXN0X21vZGVscy5weTo6VGVzdENvbmZpZ01vZGVsczo6dGVzdF90b25lX3ByZWZlcmVuY2VfcHJvcGVydGllczoKCiAgLSBkdXJpbmcgZ2VuZXJhdGUgcGhhc2UgKDAuMDggc2Vjb25kcyk6CiAgICAtIFR5cGljYWwgcnVudGltZXM6IDwgMW1zLCBvZiB3aGljaCA8IDFtcyBpbiBkYXRhIGdlbmVyYXRpb24KICAgIC0gMTAwIHBhc3NpbmcgZXhhbXBsZXMsIDAgZmFpbGluZyBleGFtcGxlcywgMCBpbnZhbGlkIGV4YW1wbGVzCgogIC0gU3RvcHBlZCBiZWNhdXNlIHNldHRpbmdzLm1heF9leGFtcGxlcz0xMDA=" /><property name="hypothesis-statistics-tests/unit/test_models.py::TestConfigModels::test_facebook_config_properties" value="dGVzdHMvdW5pdC90ZXN0X21vZGVscy5weTo6VGVzdENvbmZpZ01vZGVsczo6dGVzdF9mYWNlYm9va19jb25maWdfcHJvcGVydGllczoKCiAgLSBkdXJpbmcgZ2VuZXJhdGUgcGhhc2UgKDAuMDggc2Vjb25kcyk6CiAgICAtIFR5cGljYWwgcnVudGltZXM6IDwgMW1zLCBvZiB3aGljaCA8IDFtcyBpbiBkYXRhIGdlbmVyYXRpb24KICAgIC0gMTAwIHBhc3NpbmcgZXhhbXBsZXMsIDAgZmFpbGluZyBleGFtcGxlcywgMCBpbnZhbGlkIGV4YW1wbGVzCgogIC0gU3RvcHBlZCBiZWNhdXNlIHNldHRpbmdzLm1heF9leGFtcGxlcz0xMDA=" /><property name="hypothesis-statistics-tests/unit/test_models.py::TestConfigModels::test_bot_configuration_properties" value="dGVzdHMvdW5pdC90ZXN0X21vZGVscy5weTo6VGVzdENvbmZpZ01vZGVsczo6dGVzdF9ib3RfY29uZmlndXJhdGlvbl9wcm9wZXJ0aWVzOgoKICAtIGR1cmluZyBnZW5lcmF0ZSBwaGFzZSAoMC4xMyBzZWNvbmRzKToKICAgIC0gVHlwaWNhbCBydW50aW1lczogfiAwLTEgbXMsIG9mIHdoaWNoIDwgMW1zIGluIGRhdGEgZ2VuZXJhdGlvbgogICAgLSAxMDAgcGFzc2luZyBleGFtcGxlcywgMCBmYWlsaW5nIGV4YW1wbGVzLCAwIGludmFsaWQgZXhhbXBsZXMKCiAgLSBTdG9wcGVkIGJlY2F1c2Ugc2V0dGluZ3MubWF4X2V4YW1wbGVzPTEwMA==" /><property name="hypothesis-statistics-tests/unit/test_reference_doc.py::TestBuildReferenceDoc::test_content_hash_determinism" value="dGVzdHMvdW5pdC90ZXN0X3JlZmVyZW5jZV9kb2MucHk6OlRlc3RCdWlsZFJlZmVyZW5jZURvYzo6dGVzdF9jb250ZW50X2hhc2hfZGV0ZXJtaW5pc206CgogIC0gZHVyaW5nIGdlbmVyYXRlIHBoYXNlICgwLjA1IHNlY29uZHMpOgogICAgLSBUeXBpY2FsIHJ1bnRpbWVzOiA8IDFtcywgb2Ygd2hpY2ggPCAxbXMgaW4gZGF0YSBnZW5lcmF0aW9uCiAgICAtIDEwMCBwYXNzaW5nIGV4YW1wbGVzLCAwIGZhaWxpbmcgZXhhbXBsZXMsIDAgaW52YWxpZCBleGFtcGxlcwoKICAtIFN0b3BwZWQgYmVjYXVzZSBzZXR0aW5ncy5tYXhfZXhhbXBsZXM9MTAw" /><property name="hypothesis-statistics-tests/unit/test_reference_doc.py::TestBuildReferenceDoc::test_content_hash_uniqueness" value="dGVzdHMvdW5pdC90ZXN0X3JlZmVyZW5jZV9kb2MucHk6OlRlc3RCdWlsZFJlZmVyZW5jZURvYzo6dGVzdF9jb250ZW50X2hhc2hfdW5pcXVlbmVzczoKCiAgLSBkdXJpbmcgZ2VuZXJhdGUgcGhhc2UgKDAuMDcgc2Vjb25kcyk6CiAgICAtIFR5cGljYWwgcnVudGltZXM6IDwgMW1zLCBvZiB3aGljaCA8IDFtcyBpbiBkYXRhIGdlbmVyYXRpb24KICAgIC0gMTAwIHBhc3NpbmcgZXhhbXBsZXMsIDAgZmFpbGluZyBleGFtcGxlcywgMCBpbnZhbGlkIGV4YW1wbGVzCgogIC0gU3RvcHBlZCBiZWNhdXNlIHNldHRpbmdzLm1heF9leGFtcGxlcz0xMDA=" /></properties><testcase classname="tests.e2e.test_health_endpoint.TestHealthEndpoint" name="test_health_endpoint_returns_200" file="tests/e2e/test_health_endpoint.py" line="11" time="0.061" /><testcase classname="tests.e2e.test_health_endpoint.TestHealthEndpoint" name="test_health_endpoint_response_format" file="tests/e2e/test_health_endpoint.py" line="17" time="0.003" /><testcase classname="tests.e2e.test_health_endpoint.TestHealthEndpoint" name="test_health_endpoint_with_client" file="tests/e2e/test_health_endpoint.py" line="26" time="0.002" /><testcase classname="tests.e2e.test_main.TestMainApplication" name="test_app_initialization" file="tests/e2e/test_main.py" line="12" time="0.000" /><testcase classname="tests.e2e.test_main.TestMainApplication" name="test_root_endpoint" file="tests/e2e/test_main.py" line="18" time="0.004" /><testcase classname="tests.e2e.test_main.TestMainApplication" name="test_cors_middleware" file="tests/e2e/test_main.py" line="27" time="0.002" /><testcase classname="tests.e2e.test_main.TestMainApplication" name="test_router_registration" file="tests/e2e/test_main.py" line="36" time="0.009" /><testcase classname="tests.e2e.test_main.TestMainApplication" name="test_lifespan_startup" file="tests/e2e/test_main.py" line="57" time="0.002" /><testcase classname="tests.e2e.test_main.TestMainApplication" name="test_app_metadata" file="tests/e2e/test_main.py" line="96" time="0.000" /><testcase classname="tests.e2e.test_main.TestMainApplication" name="test_app_routes" file="tests/e2e/test_main.py" line="102" time="0.000" /><testcase classname="tests.e2e.test_webhook_message_flow.TestWebhookMessageFlow" name="test_webhook_message_processing" file="tests/e2e/test_webhook_message_flow.py" line="12" time="0.003" /><testcase classname="tests.e2e.test_webhook_message_flow.TestWebhookMessageFlow" name="test_webhook_no_bot_config" file="tests/e2e/test_webhook_message_flow.py" line="56" time="0.003" /><testcase classname="tests.e2e.test_webhook_message_flow.TestWebhookMessageFlow" name="test_webhook_invalid_payload" file="tests/e2e/test_webhook_message_flow.py" line="87" time="0.003" /><testcase classname="tests.e2e.test_webhook_message_flow.TestWebhookMessageFlow" name="test_webhook_message_extraction" file="tests/e2e/test_webhook_message_flow.py" line="111" time="0.003" /><testcase classname="tests.e2e.test_webhook_verification.TestWebhookVerification" name="test_webhook_verification_success" file="tests/e2e/test_webhook_verification.py" line="12" time="0.003" /><testcase classname="tests.e2e.test_webhook_verification.TestWebhookVerification" name="test_webhook_verification_fails_invalid_token" file="tests/e2e/test_webhook_verification.py" line="37" time="0.004" /><testcase classname="tests.e2e.test_webhook_verification.TestWebhookVerification" name="test_webhook_verification_fails_wrong_mode" file="tests/e2e/test_webhook_verification.py" line="61" time="0.003" /><testcase classname="tests.e2e.test_webhook_verification.TestWebhookVerification" name="test_webhook_verification_missing_parameters" file="tests/e2e/test_webhook_verification.py" line="85" time="0.003" /><testcase classname="tests.e2e.test_webhook_verification.TestWebhookVerification" name="test_webhook_verification_challenge_response_format" file="tests/e2e/test_webhook_verification.py" line="111" time="0.003" /><testcase classname="tests.integration.test_agent_integration.TestAgentCopilotIntegration" name="test_agent_with_copilot_service" file="tests/integration/test_agent_integration.py" line="15" time="0.045" /><testcase classname="tests.integration.test_agent_integration.TestAgentCopilotIntegration" name="test_agent_escalation_scenario" file="tests/integration/test_agent_integration.py" line="49" time="0.037" /><testcase classname="tests.integration.test_agent_integration.TestAgentCopilotIntegration" name="test_agent_with_recent_messages" file="tests/integration/test_agent_integration.py" line="76" time="0.037" /><testcase classname="tests.integration.test_repository_db.TestRepositoryDatabaseIntegration" name="test_bot_configuration_lifecycle" file="tests/integration/test_repository_db.py" line="18" time="0.006" /><testcase classname="tests.integration.test_repository_db.TestRepositoryDatabaseIntegration" name="test_reference_document_creation" file="tests/integration/test_repository_db.py" line="64" time="0.002" /><testcase classname="tests.integration.test_repository_db.TestRepositoryDatabaseIntegration" name="test_message_history_storage" file="tests/integration/test_repository_db.py" line="91" time="0.001" /><testcase classname="tests.integration.test_repository_db.TestRepositoryDatabaseIntegration" name="test_message_history_with_escalation" file="tests/integration/test_repository_db.py" line="121" time="0.002" /><testcase classname="tests.integration.test_scraper_copilot.TestScraperCopilotIntegration" name="test_scraper_copilot_end_to_end" file="tests/integration/test_scraper_copilot.py" line="14" time="0.053" /><testcase classname="tests.integration.test_scraper_copilot.TestScraperCopilotIntegration" name="test_scraper_copilot_with_multiple_chunks" file="tests/integration/test_scraper_copilot.py" line="69" time="0.053" /><testcase classname="tests.stateful.test_agent_conversation.TestAgentConversationStateful" name="test_conversation_flow_basic" file="tests/stateful/test_agent_conversation.py" line="12" time="0.002" /><testcase classname="tests.stateful.test_agent_conversation.TestAgentConversationStateful" name="test_conversation_maintains_context" file="tests/stateful/test_agent_conversation.py" line="66" time="0.002" /><testcase classname="tests.stateful.test_bot_configuration.TestBotConfigurationStateful" name="test_config_operations_basic" file="tests/stateful/test_bot_configuration.py" line="12" time="0.001" /><testcase classname="tests.stateful.test_bot_configuration.TestBotConfigurationStateful" name="test_config_deletion" file="tests/stateful/test_bot_configuration.py" line="58" time="0.000" /><testcase classname="tests.stateful.test_bot_configuration.TestBotConfigurationStateful" name="test_multiple_configs" file="tests/stateful/test_bot_configuration.py" line="89" time="0.000" /><testcase classname="tests.unit.test_agent_service.TestMessengerAgentService" name="test_init" file="tests/unit/test_agent_service.py" line="13" time="0.001" /><testcase classname="tests.unit.test_agent_service.TestMessengerAgentService" name="test_respond_with_valid_context" file="tests/unit/test_agent_service.py" line="18" time="0.002" /><testcase classname="tests.unit.test_agent_service.TestMessengerAgentService" name="test_respond_system_prompt_construction" file="tests/unit/test_agent_service.py" line="31" time="0.003" /><testcase classname="tests.unit.test_agent_service.TestMessengerAgentService" name="test_respond_includes_recent_messages" file="tests/unit/test_agent_service.py" line="47" time="0.004" /><testcase classname="tests.unit.test_agent_service.TestMessengerAgentService" name="test_respond_escalation_on_dont_know" file="tests/unit/test_agent_service.py" line="70" time="0.003" /><testcase classname="tests.unit.test_agent_service.TestMessengerAgentService" name="test_respond_escalation_on_human_keyword" file="tests/unit/test_agent_service.py" line="82" time="0.003" /><testcase classname="tests.unit.test_agent_service.TestMessengerAgentService" name="test_respond_no_escalation_on_normal_response" file="tests/unit/test_agent_service.py" line="93" time="0.002" /><testcase classname="tests.unit.test_agent_service.TestMessengerAgentService" name="test_respond_properties_with_various_inputs" file="tests/unit/test_agent_service.py" line="104" time="0.249" /><testcase classname="tests.unit.test_agent_service.TestMessengerAgentService" name="test_respond_properties_with_various_sizes" file="tests/unit/test_agent_service.py" line="136" time="0.106" /><testcase classname="tests.unit.test_agent_service.TestMessengerAgentService" name="test_respond_confidence_placeholder" file="tests/unit/test_agent_service.py" line="168" time="0.003" /><testcase classname="tests.unit.test_agent_service.TestMessengerAgentService" name="test_respond_empty_recent_messages" file="tests/unit/test_agent_service.py" line="180" time="0.002" /><testcase classname="tests.unit.test_agent_service.TestMessengerAgentService" name="test_respond_many_recent_messages" file="tests/unit/test_agent_service.py" line="203" time="0.002" /><testcase classname="tests.unit.test_config.TestSettings" name="test_settings_required_fields" file="tests/unit/test_config.py" line="12" time="0.002" /><testcase classname="tests.unit.test_config.TestSettings" name="test_settings_with_all_fields" file="tests/unit/test_config.py" line="17" time="0.001" /><testcase classname="tests.unit.test_config.TestSettings" name="test_settings_default_values" file="tests/unit/test_config.py" line="30" time="0.001" /><testcase classname="tests.unit.test_config.TestSettings" name="test_settings_optional_fields_properties" file="tests/unit/test_config.py" line="44" time="0.172" /><testcase classname="tests.unit.test_config.TestSettings" name="test_settings_env_validation" file="tests/unit/test_config.py" line="69" time="0.003" /><testcase classname="tests.unit.test_config.TestGetSettings" name="test_get_settings_caching" file="tests/unit/test_config.py" line="96" time="0.001" /><testcase classname="tests.unit.test_config.TestGetSettings" name="test_get_settings_from_env" file="tests/unit/test_config.py" line="113" time="0.001" /><testcase classname="tests.unit.test_config.TestGetSettings" name="test_get_settings_case_insensitive" file="tests/unit/test_config.py" line="131" time="0.001" /><testcase classname="tests.unit.test_copilot_service.TestCopilotService" name="test_init" file="tests/unit/test_copilot_service.py" line="13" time="0.000" /><testcase classname="tests.unit.test_copilot_service.TestCopilotService" name="test_init_strips_trailing_slash" file="tests/unit/test_copilot_service.py" line="19" time="0.000" /><testcase classname="tests.unit.test_copilot_service.TestCopilotService" name="test_is_available_when_available" file="tests/unit/test_copilot_service.py" line="24" time="0.021" /><testcase classname="tests.unit.test_copilot_service.TestCopilotService" name="test_is_available_when_unavailable" file="tests/unit/test_copilot_service.py" line="35" time="0.024" /><testcase classname="tests.unit.test_copilot_service.TestCopilotService" name="test_is_available_when_connection_error" file="tests/unit/test_copilot_service.py" line="46" time="0.024" /><testcase classname="tests.unit.test_copilot_service.TestCopilotService" name="test_is_available_when_disabled" file="tests/unit/test_copilot_service.py" line="57" time="0.001" /><testcase classname="tests.unit.test_copilot_service.TestCopilotService" name="test_is_available_timeout" file="tests/unit/test_copilot_service.py" line="65" time="0.026" /><testcase classname="tests.unit.test_copilot_service.TestCopilotService" name="test_synthesize_reference" file="tests/unit/test_copilot_service.py" line="76" time="0.111" /><testcase classname="tests.unit.test_copilot_service.TestCopilotService" name="test_chat_with_available_copilot" file="tests/unit/test_copilot_service.py" line="100" time="0.046" /><testcase classname="tests.unit.test_copilot_service.TestCopilotService" name="test_chat_fallback_when_unavailable" file="tests/unit/test_copilot_service.py" line="125" time="0.024" /><testcase classname="tests.unit.test_copilot_service.TestCopilotService" name="test_chat_fallback_on_error" file="tests/unit/test_copilot_service.py" line="145" time="0.039" /><testcase classname="tests.unit.test_copilot_service.TestCopilotService" name="test_chat_timeout_handling" file="tests/unit/test_copilot_service.py" line="166" time="0.046" /><testcase classname="tests.unit.test_copilot_service.TestCopilotService" name="test_chat_when_disabled" file="tests/unit/test_copilot_service.py" line="187" time="0.002" /><testcase classname="tests.unit.test_copilot_service.TestCopilotService" name="test_fallback_to_openai_not_implemented" file="tests/unit/test_copilot_service.py" line="204" time="0.002" /><testcase classname="tests.unit.test_copilot_service.TestCopilotService" name="test_synthesize_reference_builds_correct_prompt" file="tests/unit/test_copilot_service.py" line="215" time="0.043" /><testcase classname="tests.unit.test_db_client.TestGetSupabaseClient" name="test_get_supabase_client_initialization" file="tests/unit/test_db_client.py" line="12" time="0.006" /><testcase classname="tests.unit.test_db_client.TestGetSupabaseClient" name="test_get_supabase_client_uses_settings" file="tests/unit/test_db_client.py" line="36" time="0.003" /><testcase classname="tests.unit.test_facebook_service.TestSendMessage" name="test_send_message_valid_inputs" file="tests/unit/test_facebook_service.py" line="13" time="0.032" /><testcase classname="tests.unit.test_facebook_service.TestSendMessage" name="test_send_message_request_format" file="tests/unit/test_facebook_service.py" line="42" time="0.057" /><testcase classname="tests.unit.test_facebook_service.TestSendMessage" name="test_send_message_invalid_token" file="tests/unit/test_facebook_service.py" line="70" time="0.030" /><testcase classname="tests.unit.test_facebook_service.TestSendMessage" name="test_send_message_network_error" file="tests/unit/test_facebook_service.py" line="85" time="0.022" /><testcase classname="tests.unit.test_facebook_service.TestSendMessage" name="test_send_message_timeout" file="tests/unit/test_facebook_service.py" line="100" time="0.019" /><testcase classname="tests.unit.test_facebook_service.TestSendMessage" name="test_send_message_http_error" file="tests/unit/test_facebook_service.py" line="115" time="0.020" /><testcase classname="tests.unit.test_facebook_service.TestSendMessage" name="test_send_message_properties" file=".venv/lib/python3.12/site-packages/respx/router.py" line="403" time="2.332" /><testcase classname="tests.unit.test_facebook_service.TestSendMessage" name="test_send_message_access_token_in_params" file="tests/unit/test_facebook_service.py" line="161" time="0.019" /><testcase classname="tests.unit.test_facebook_service.TestSendMessage" name="test_send_message_long_text" file="tests/unit/test_facebook_service.py" line="180" time="0.018" /><testcase classname="tests.unit.test_hypothesis.TestURLValidation" name="test_url_validation_properties" file="tests/unit/test_hypothesis.py" line="29" time="0.096" /><testcase classname="tests.unit.test_hypothesis.TestURLValidation" name="test_url_construction_properties" file="tests/unit/test_hypothesis.py" line="44" time="0.270" /><testcase classname="tests.unit.test_hypothesis.TestMessageValidation" name="test_message_length_properties" file="tests/unit/test_hypothesis.py" line="71" time="0.058" /><testcase classname="tests.unit.test_hypothesis.TestMessageValidation" name="test_message_non_empty_property" file="tests/unit/test_hypothesis.py" line="83" time="0.053" /><testcase classname="tests.unit.test_hypothesis.TestMessageValidation" name="test_message_whitespace_handling" file="tests/unit/test_hypothesis.py" line="91" time="0.083" /><testcase classname="tests.unit.test_hypothesis.TestConfidenceScoreValidation" name="test_confidence_bounds_property" file="tests/unit/test_hypothesis.py" line="108" time="0.051" /><testcase classname="tests.unit.test_hypothesis.TestConfidenceScoreValidation" name="test_confidence_validation" file="tests/unit/test_hypothesis.py" line="113" time="0.048" /><testcase classname="tests.unit.test_hypothesis.TestToneValidation" name="test_valid_tone_property" file="tests/unit/test_hypothesis.py" line="127" time="0.004" /><testcase classname="tests.unit.test_hypothesis.TestToneValidation" name="test_tone_validation_property" file="tests/unit/test_hypothesis.py" line="133" time="0.055" /><testcase classname="tests.unit.test_hypothesis.TestContentHashProperties" name="test_hash_collision_resistance" file="tests/unit/test_hypothesis.py" line="148" time="0.119" /><testcase classname="tests.unit.test_hypothesis.TestContentHashProperties" name="test_hash_determinism_property" file="tests/unit/test_hypothesis.py" line="164" time="0.057" /><testcase classname="tests.unit.test_hypothesis.TestContentHashProperties" name="test_hash_format_property" file="tests/unit/test_hypothesis.py" line="174" time="0.057" /><testcase classname="tests.unit.test_hypothesis.TestChunkingProperties" name="test_chunking_properties" file="tests/unit/test_hypothesis.py" line="188" time="0.124" /><testcase classname="tests.unit.test_hypothesis.TestDataTransformationProperties" name="test_whitespace_normalization_property" file="tests/unit/test_hypothesis.py" line="226" time="0.057" /><testcase classname="tests.unit.test_models.TestMessengerModels" name="test_messenger_entry_properties" file="tests/unit/test_models.py" line="42" time="0.067" /><testcase classname="tests.unit.test_models.TestMessengerModels" name="test_messenger_message_in_properties" file="tests/unit/test_models.py" line="52" time="0.103" /><testcase classname="tests.unit.test_models.TestMessengerModels" name="test_messenger_message_in_empty_text" file="tests/unit/test_models.py" line="77" time="0.000" /><testcase classname="tests.unit.test_models.TestMessengerModels" name="test_messenger_webhook_payload_properties" file="tests/unit/test_models.py" line="87" time="0.067" /><testcase classname="tests.unit.test_models.TestAgentModels" name="test_agent_context_properties" file="tests/unit/test_models.py" line="112" time="0.159" /><testcase classname="tests.unit.test_models.TestAgentModels" name="test_agent_response_properties" file="tests/unit/test_models.py" line="138" time="0.122" /><testcase classname="tests.unit.test_models.TestAgentModels" name="test_agent_response_confidence_bounds" file="tests/unit/test_models.py" line="163" time="0.001" /><testcase classname="tests.unit.test_models.TestAgentModels" name="test_agent_response_escalation_logic" file="tests/unit/test_models.py" line="178" time="0.000" /><testcase classname="tests.unit.test_models.TestConfigModels" name="test_website_input_properties" file="tests/unit/test_models.py" line="202" time="0.083" /><testcase classname="tests.unit.test_models.TestConfigModels" name="test_tone_preference_properties" file="tests/unit/test_models.py" line="209" time="0.078" /><testcase classname="tests.unit.test_models.TestConfigModels" name="test_facebook_config_properties" file="tests/unit/test_models.py" line="219" time="0.083" /><testcase classname="tests.unit.test_models.TestConfigModels" name="test_bot_configuration_properties" file="tests/unit/test_models.py" line="240" time="0.136" /><testcase classname="tests.unit.test_models.TestConfigModels" name="test_bot_configuration_datetime_handling" file="tests/unit/test_models.py" line="274" time="0.000" /><testcase classname="tests.unit.test_reference_doc.TestBuildReferenceDoc" name="test_build_reference_doc_valid_inputs" file="tests/unit/test_reference_doc.py" line="14" time="0.002" /><testcase classname="tests.unit.test_reference_doc.TestBuildReferenceDoc" name="test_build_reference_doc_calls_copilot" file="tests/unit/test_reference_doc.py" line="30" time="0.002" /><testcase classname="tests.unit.test_reference_doc.TestBuildReferenceDoc" name="test_content_hash_determinism" file="tests/unit/test_reference_doc.py" line="46" time="0.054" /><testcase classname="tests.unit.test_reference_doc.TestBuildReferenceDoc" name="test_content_hash_uniqueness" file="tests/unit/test_reference_doc.py" line="55" time="0.071" /><testcase classname="tests.unit.test_reference_doc.TestBuildReferenceDoc" name="test_content_hash_format" file="tests/unit/test_reference_doc.py" line="71" time="0.002" /><testcase classname="tests.unit.test_reference_doc.TestBuildReferenceDoc" name="test_build_reference_doc_properties" file="tests/unit/test_reference_doc.py" line="86" time="0.005" /><testcase classname="tests.unit.test_reference_doc.TestBuildReferenceDoc" name="test_build_reference_doc_hash_consistency" file="tests/unit/test_reference_doc.py" line="104" time="0.002" /><testcase classname="tests.unit.test_reference_doc.TestBuildReferenceDoc" name="test_build_reference_doc_empty_content" file="tests/unit/test_reference_doc.py" line="127" time="0.008" /><testcase classname="tests.unit.test_reference_doc.TestBuildReferenceDoc" name="test_build_reference_doc_unicode_content" file="tests/unit/test_reference_doc.py" line="142" time="0.003" /><testcase classname="tests.unit.test_repository.TestCreateReferenceDocument" name="test_create_reference_document_valid_inputs" file="tests/unit/test_repository.py" line="21" time="0.001" /><testcase classname="tests.unit.test_repository.TestCreateReferenceDocument" name="test_create_reference_document_failure" file="tests/unit/test_repository.py" line="46" time="0.003" /><testcase classname="tests.unit.test_repository.TestLinkReferenceDocumentToBot" name="test_link_reference_document_to_bot" file="tests/unit/test_repository.py" line="66" time="0.049" /><testcase classname="tests.unit.test_repository.TestCreateBotConfiguration" name="test_create_bot_configuration_valid_inputs" file="tests/unit/test_repository.py" line="85" time="0.001" /><testcase classname="tests.unit.test_repository.TestCreateBotConfiguration" name="test_create_bot_configuration_failure" file="tests/unit/test_repository.py" line="124" time="0.002" /><testcase classname="tests.unit.test_repository.TestGetBotConfigurationByPageId" name="test_get_bot_configuration_by_page_id_found" file="tests/unit/test_repository.py" line="147" time="0.002" /><testcase classname="tests.unit.test_repository.TestGetBotConfigurationByPageId" name="test_get_bot_configuration_by_page_id_not_found" file="tests/unit/test_repository.py" line="175" time="0.001" /><testcase classname="tests.unit.test_repository.TestGetReferenceDocument" name="test_get_reference_document_found" file="tests/unit/test_repository.py" line="192" time="0.001" /><testcase classname="tests.unit.test_repository.TestGetReferenceDocument" name="test_get_reference_document_not_found" file="tests/unit/test_repository.py" line="217" time="0.001" /><testcase classname="tests.unit.test_repository.TestSaveMessageHistory" name="test_save_message_history" file="tests/unit/test_repository.py" line="234" time="0.001" /><testcase classname="tests.unit.test_repository.TestSaveMessageHistory" name="test_save_message_history_with_escalation" file="tests/unit/test_repository.py" line="262" time="0.001" /><testcase classname="tests.unit.test_scraper.TestScrapeWebsite" name="test_scrape_website_valid_url" file="tests/unit/test_scraper.py" line="14" time="0.019" /><testcase classname="tests.unit.test_scraper.TestScrapeWebsite" name="test_scrape_website_invalid_url" file="tests/unit/test_scraper.py" line="38" time="0.019" /><testcase classname="tests.unit.test_scraper.TestScrapeWebsite" name="test_scrape_website_timeout" file="tests/unit/test_scraper.py" line="48" time="0.017" /><testcase classname="tests.unit.test_scraper.TestScrapeWebsite" name="test_scrape_website_removes_scripts" file="tests/unit/test_scraper.py" line="58" time="0.021" /><testcase classname="tests.unit.test_scraper.TestScrapeWebsite" name="test_scrape_website_removes_nav_footer" file="tests/unit/test_scraper.py" line="88" time="0.020" /><testcase classname="tests.unit.test_scraper.TestScrapeWebsite" name="test_scrape_website_whitespace_normalization" file="tests/unit/test_scraper.py" line="113" time="0.018" /><testcase classname="tests.unit.test_scraper.TestScrapeWebsite" name="test_scrape_website_chunking_properties" file="tests/unit/test_scraper.py" line="141" time="0.069" /><testcase classname="tests.unit.test_scraper.TestScrapeWebsite" name="test_scrape_website_chunk_size" file="tests/unit/test_scraper.py" line="165" time="0.021" /><testcase classname="tests.unit.test_scraper.TestScrapeWebsite" name="test_scrape_website_empty_content" file="tests/unit/test_scraper.py" line="187" time="0.018" /><testcase classname="tests.unit.test_scraper.TestScrapeWebsite" name="test_scrape_website_follows_redirects" file="tests/unit/test_scraper.py" line="206" time="0.018" /><testcase classname="tests.unit.test_scraper.TestScrapeWebsite" name="test_scrape_website_various_html_structures" file="tests/unit/test_scraper.py" line="222" time="0.069" /><testcase classname="tests.unit.test_setup_cli.TestSetupCLI" name="test_setup_complete_flow" file="tests/unit/test_setup_cli.py" line="110" time="0.115" /><testcase classname="tests.unit.test_setup_cli.TestSetupCLI" name="test_setup_scraping_error" file="tests/unit/test_setup_cli.py" line="178" time="0.113" /><testcase classname="tests.unit.test_setup_cli.TestSetupCLI" name="test_setup_reference_doc_error" file="tests/unit/test_setup_cli.py" line="210" time="0.160" /><testcase classname="tests.unit.test_setup_cli.TestSetupCLI" name="test_setup_database_error" file="tests/unit/test_setup_cli.py" line="245" time="0.130" /><testcase classname="tests.unit.test_setup_cli.TestSetupCLI" name="test_setup_tone_selection" file="tests/unit/test_setup_cli.py" line="290" time="0.138" /><testcase classname="tests.unit.test_setup_cli.TestSetupCLI" name="test_setup_prints_webhook_url" file="tests/unit/test_setup_cli.py" line="336" time="0.189" /></testsuite></testsuites>